{"level":"INFO","message":"[2:24:29.510 AM]: Creating new connection object"}
{"level":"INFO","message":"[2:24:29.517 AM]: Creating Connection[id: 71935a72-0d9d-4a1e-93b7-ea88e236e86a] with host: your_account_identifier.snowflakecomputing.com, account: your_account_identifier, accessUrl: https://your_account_identifier.snowflakecomputing.com, user: your_username, role: undefined, database: A11Y_AUDITOR, schema: PUBLIC, warehouse: COMPUTE_WH, proxy was not configured, password is provided, region: undefined, authenticator: SNOWFLAKE, ocsp mode: FAIL_OPEN, os: win32, os version: 10.0.26200"}
{"level":"INFO","message":"[2:24:29.518 AM]: Connection[id: 71935a72-0d9d-4a1e-93b7-ea88e236e86a] additional details: passcode in password is provided, passcode is not provided, private key is not provided, application: undefined, client name: snowflake-sdk, client version: 3.3.0, retry timeout: 300, private key path: undefined, private key pass is not provided, client store temporary credential: false, browser response timeout: 120000"}
{"level":"INFO","message":"[2:24:29.519 AM]: Connection[id: 71935a72-0d9d-4a1e-93b7-ea88e236e86a] - connection object created successfully."}
{"level":"INFO","message":"[2:24:29.510 AM]: Creating new connection object"}
{"level":"INFO","message":"[2:24:29.519 AM]: Creating Connection[id: ae3740a2-edfb-4d42-9aaf-dbb4a9fc5e3c] with host: your_account_identifier.snowflakecomputing.com, account: your_account_identifier, accessUrl: https://your_account_identifier.snowflakecomputing.com, user: your_username, role: undefined, database: A11Y_AUDITOR, schema: PUBLIC, warehouse: COMPUTE_WH, proxy was not configured, password is provided, region: undefined, authenticator: SNOWFLAKE, ocsp mode: FAIL_OPEN, os: win32, os version: 10.0.26200"}
{"level":"INFO","message":"[2:24:29.519 AM]: Connection[id: ae3740a2-edfb-4d42-9aaf-dbb4a9fc5e3c] additional details: passcode in password is provided, passcode is not provided, private key is not provided, application: undefined, client name: snowflake-sdk, client version: 3.3.0, retry timeout: 300, private key path: undefined, private key pass is not provided, client store temporary credential: false, browser response timeout: 120000"}
{"level":"INFO","message":"[2:24:29.520 AM]: Connection[id: ae3740a2-edfb-4d42-9aaf-dbb4a9fc5e3c] - connection object created successfully."}
{"level":"INFO","message":"[2:24:29.511 AM]: Creating new connection object"}
{"level":"INFO","message":"[2:24:29.519 AM]: Creating Connection[id: 0a33e61a-f935-4604-85b0-74cec49751bc] with host: your_account_identifier.snowflakecomputing.com, account: your_account_identifier, accessUrl: https://your_account_identifier.snowflakecomputing.com, user: your_username, role: undefined, database: A11Y_AUDITOR, schema: PUBLIC, warehouse: COMPUTE_WH, proxy was not configured, password is provided, region: undefined, authenticator: SNOWFLAKE, ocsp mode: FAIL_OPEN, os: win32, os version: 10.0.26200"}
{"level":"INFO","message":"[2:24:29.520 AM]: Connection[id: 0a33e61a-f935-4604-85b0-74cec49751bc] additional details: passcode in password is provided, passcode is not provided, private key is not provided, application: undefined, client name: snowflake-sdk, client version: 3.3.0, retry timeout: 300, private key path: undefined, private key pass is not provided, client store temporary credential: false, browser response timeout: 120000"}
{"level":"INFO","message":"[2:24:29.520 AM]: Connection[id: 0a33e61a-f935-4604-85b0-74cec49751bc] - connection object created successfully."}
{"level":"INFO","message":"[2:24:30.098 AM]: Creating new connection object"}
{"level":"INFO","message":"[2:24:30.104 AM]: Creating Connection[id: 9ff8a63b-591b-4055-8f2c-042cf308d7aa] with host: your_account_identifier.snowflakecomputing.com, account: your_account_identifier, accessUrl: https://your_account_identifier.snowflakecomputing.com, user: your_username, role: undefined, database: A11Y_AUDITOR, schema: PUBLIC, warehouse: COMPUTE_WH, proxy was not configured, password is provided, region: undefined, authenticator: SNOWFLAKE, ocsp mode: FAIL_OPEN, os: win32, os version: 10.0.26200"}
{"level":"INFO","message":"[2:24:30.105 AM]: Connection[id: 9ff8a63b-591b-4055-8f2c-042cf308d7aa] additional details: passcode in password is provided, passcode is not provided, private key is not provided, application: undefined, client name: snowflake-sdk, client version: 3.3.0, retry timeout: 300, private key path: undefined, private key pass is not provided, client store temporary credential: false, browser response timeout: 120000"}
{"level":"INFO","message":"[2:24:30.105 AM]: Connection[id: 9ff8a63b-591b-4055-8f2c-042cf308d7aa] - connection object created successfully."}
{"level":"INFO","message":"[2:57:58.335 AM]: Creating new connection object"}
{"level":"INFO","message":"[2:57:58.342 AM]: Creating Connection[id: 46603836-0095-4ee8-99f5-f47a71b25831] with host: your_account_identifier.snowflakecomputing.com, account: your_account_identifier, accessUrl: https://your_account_identifier.snowflakecomputing.com, user: your_username, role: undefined, database: A11Y_AUDITOR, schema: PUBLIC, warehouse: COMPUTE_WH, proxy was not configured, password is provided, region: undefined, authenticator: SNOWFLAKE, ocsp mode: FAIL_OPEN, os: win32, os version: 10.0.26200"}
{"level":"INFO","message":"[2:57:58.342 AM]: Connection[id: 46603836-0095-4ee8-99f5-f47a71b25831] additional details: passcode in password is provided, passcode is not provided, private key is not provided, application: undefined, client name: snowflake-sdk, client version: 3.3.0, retry timeout: 300, private key path: undefined, private key pass is not provided, client store temporary credential: false, browser response timeout: 120000"}
{"level":"INFO","message":"[2:57:58.343 AM]: Connection[id: 46603836-0095-4ee8-99f5-f47a71b25831] - connection object created successfully."}
{"level":"INFO","message":"[2:57:58.336 AM]: Creating new connection object"}
{"level":"INFO","message":"[2:57:58.344 AM]: Creating Connection[id: b9f6f42a-f9ed-4ffa-89f5-889496c49cc5] with host: your_account_identifier.snowflakecomputing.com, account: your_account_identifier, accessUrl: https://your_account_identifier.snowflakecomputing.com, user: your_username, role: undefined, database: A11Y_AUDITOR, schema: PUBLIC, warehouse: COMPUTE_WH, proxy was not configured, password is provided, region: undefined, authenticator: SNOWFLAKE, ocsp mode: FAIL_OPEN, os: win32, os version: 10.0.26200"}
{"level":"INFO","message":"[2:57:58.345 AM]: Connection[id: b9f6f42a-f9ed-4ffa-89f5-889496c49cc5] additional details: passcode in password is provided, passcode is not provided, private key is not provided, application: undefined, client name: snowflake-sdk, client version: 3.3.0, retry timeout: 300, private key path: undefined, private key pass is not provided, client store temporary credential: false, browser response timeout: 120000"}
{"level":"INFO","message":"[2:57:58.345 AM]: Connection[id: b9f6f42a-f9ed-4ffa-89f5-889496c49cc5] - connection object created successfully."}
{"level":"INFO","message":"[2:57:58.361 AM]: Creating new connection object"}
{"level":"INFO","message":"[2:57:58.368 AM]: Creating Connection[id: 8424fe14-2eb0-4e09-b9c0-fc17120691c3] with host: your_account_identifier.snowflakecomputing.com, account: your_account_identifier, accessUrl: https://your_account_identifier.snowflakecomputing.com, user: your_username, role: undefined, database: A11Y_AUDITOR, schema: PUBLIC, warehouse: COMPUTE_WH, proxy was not configured, password is provided, region: undefined, authenticator: SNOWFLAKE, ocsp mode: FAIL_OPEN, os: win32, os version: 10.0.26200"}
{"level":"INFO","message":"[2:57:58.369 AM]: Connection[id: 8424fe14-2eb0-4e09-b9c0-fc17120691c3] additional details: passcode in password is provided, passcode is not provided, private key is not provided, application: undefined, client name: snowflake-sdk, client version: 3.3.0, retry timeout: 300, private key path: undefined, private key pass is not provided, client store temporary credential: false, browser response timeout: 120000"}
{"level":"INFO","message":"[2:57:58.369 AM]: Connection[id: 8424fe14-2eb0-4e09-b9c0-fc17120691c3] - connection object created successfully."}
{"level":"INFO","message":"[2:57:58.833 AM]: Creating new connection object"}
{"level":"INFO","message":"[2:57:58.840 AM]: Creating Connection[id: 24eaed49-0cc0-4a71-a0d6-8894efa02b3b] with host: your_account_identifier.snowflakecomputing.com, account: your_account_identifier, accessUrl: https://your_account_identifier.snowflakecomputing.com, user: your_username, role: undefined, database: A11Y_AUDITOR, schema: PUBLIC, warehouse: COMPUTE_WH, proxy was not configured, password is provided, region: undefined, authenticator: SNOWFLAKE, ocsp mode: FAIL_OPEN, os: win32, os version: 10.0.26200"}
{"level":"INFO","message":"[2:57:58.841 AM]: Connection[id: 24eaed49-0cc0-4a71-a0d6-8894efa02b3b] additional details: passcode in password is provided, passcode is not provided, private key is not provided, application: undefined, client name: snowflake-sdk, client version: 3.3.0, retry timeout: 300, private key path: undefined, private key pass is not provided, client store temporary credential: false, browser response timeout: 120000"}
{"level":"INFO","message":"[2:57:58.842 AM]: Connection[id: 24eaed49-0cc0-4a71-a0d6-8894efa02b3b] - connection object created successfully."}
